ok  	github.com/number571/go-peer/cmd/hidden_lake/adapters/common	0.051s	coverage: [no statements]
ok  	github.com/number571/go-peer/cmd/hidden_lake/adapters/common/recv	0.034s	coverage: 0.0% of statements
ok  	github.com/number571/go-peer/cmd/hidden_lake/adapters/common/send	0.041s	coverage: 0.0% of statements
ok  	github.com/number571/go-peer/cmd/hidden_lake/adapters/common/service	0.043s	coverage: 0.0% of statements
ok  	github.com/number571/go-peer/cmd/hidden_lake/composite/default/service_messenger/cmd/hlc_sm	0.168s	coverage: 0.0% of statements
ok  	github.com/number571/go-peer/cmd/hidden_lake/composite/default/service_traffic/cmd/hlc_st	0.031s	coverage: 0.0% of statements
ok  	github.com/number571/go-peer/cmd/hidden_lake/composite/default/service_traffic_messenger/cmd/hlc_stm	0.340s	coverage: 0.0% of statements
ok  	github.com/number571/go-peer/cmd/hidden_lake/composite/mobile/service_messenger/cmd/m_hlc_sm	0.376s	coverage: 0.0% of statements
ok  	github.com/number571/go-peer/cmd/hidden_lake/messenger/cmd/hlm	0.348s	coverage: 0.0% of statements
ok  	github.com/number571/go-peer/cmd/hidden_lake/messenger/internal/chat_queue	0.325s	coverage: 0.0% of statements
ok  	github.com/number571/go-peer/cmd/hidden_lake/messenger/internal/config	0.338s	coverage: 39.8% of statements
ok  	github.com/number571/go-peer/cmd/hidden_lake/messenger/internal/database	0.054s	coverage: 0.0% of statements
ok  	github.com/number571/go-peer/cmd/hidden_lake/messenger/internal/handler	0.357s	coverage: 0.0% of statements
ok  	github.com/number571/go-peer/cmd/hidden_lake/messenger/internal/utils	0.305s	coverage: 37.0% of statements
ok  	github.com/number571/go-peer/cmd/hidden_lake/messenger/pkg/app	0.312s	coverage: 0.0% of statements
ok  	github.com/number571/go-peer/cmd/hidden_lake/messenger/pkg/app/state	0.330s	coverage: 0.0% of statements
ok  	github.com/number571/go-peer/cmd/hidden_lake/messenger/pkg/settings	0.050s	coverage: [no statements]
ok  	github.com/number571/go-peer/cmd/hidden_lake/messenger/web	0.055s	coverage: 0.0% of statements
ok  	github.com/number571/go-peer/cmd/hidden_lake/service/cmd/hls	0.047s	coverage: 0.0% of statements
ok  	github.com/number571/go-peer/cmd/hidden_lake/service/internal/config	0.044s	coverage: 51.6% of statements
ok  	github.com/number571/go-peer/cmd/hidden_lake/service/internal/handler	33.255s	coverage: 62.3% of statements
ok  	github.com/number571/go-peer/cmd/hidden_lake/service/pkg/app	14.285s	coverage: 63.2% of statements
ok  	github.com/number571/go-peer/cmd/hidden_lake/service/pkg/client	0.048s	coverage: 0.0% of statements
ok  	github.com/number571/go-peer/cmd/hidden_lake/service/pkg/request	0.049s	coverage: 90.5% of statements
ok  	github.com/number571/go-peer/cmd/hidden_lake/service/pkg/response	0.044s	coverage: 0.0% of statements [no tests to run]
ok  	github.com/number571/go-peer/cmd/hidden_lake/service/pkg/settings	0.046s	coverage: 0.0% of statements
ok  	github.com/number571/go-peer/cmd/hidden_lake/traffic/cmd/hlt	0.046s	coverage: 0.0% of statements
ok  	github.com/number571/go-peer/cmd/hidden_lake/traffic/internal/config	0.049s	coverage: 61.7% of statements
ok  	github.com/number571/go-peer/cmd/hidden_lake/traffic/internal/database	0.790s	coverage: 59.6% of statements
ok  	github.com/number571/go-peer/cmd/hidden_lake/traffic/internal/handler	1.332s	coverage: 34.8% of statements
ok  	github.com/number571/go-peer/cmd/hidden_lake/traffic/pkg/app	6.055s	coverage: 66.2% of statements
ok  	github.com/number571/go-peer/cmd/hidden_lake/traffic/pkg/client	0.047s	coverage: 0.0% of statements
ok  	github.com/number571/go-peer/cmd/hidden_lake/traffic/pkg/settings	0.039s	coverage: [no statements]
ok  	github.com/number571/go-peer/cmd/micro_anon	0.066s	coverage: 0.0% of statements
ok  	github.com/number571/go-peer/cmd/micro_anon/keygen	0.054s	coverage: 0.0% of statements
ok  	github.com/number571/go-peer/cmd/tools/encryptor	0.055s	coverage: 0.0% of statements
ok  	github.com/number571/go-peer/cmd/tools/keygen	0.059s	coverage: 0.0% of statements
ok  	github.com/number571/go-peer/cmd/tools/pmanager	0.053s	coverage: 0.0% of statements
ok  	github.com/number571/go-peer/cmd/tools/storage	0.031s	coverage: 0.0% of statements
ok  	github.com/number571/go-peer/examples/echo_service/default/recv_hls/service	0.070s	coverage: 0.0% of statements
ok  	github.com/number571/go-peer/examples/echo_service/routing/recv_hls/service	0.063s	coverage: 0.0% of statements
ok  	github.com/number571/go-peer/examples/echo_service/secret_channel/recv_hls/service	0.051s	coverage: 0.0% of statements
ok  	github.com/number571/go-peer/examples/echo_service/with_stress_test/gen_cfgs	0.037s	coverage: 0.0% of statements
ok  	github.com/number571/go-peer/examples/echo_service/with_stress_test/recv_hls/service	0.067s	coverage: 0.0% of statements
ok  	github.com/number571/go-peer/examples/traffic_keeper/client_hlt	0.066s	coverage: 0.0% of statements
ok  	github.com/number571/go-peer/internal/api	0.084s	coverage: 0.0% of statements
ok  	github.com/number571/go-peer/internal/flag	0.080s	coverage: 87.5% of statements
ok  	github.com/number571/go-peer/internal/logger	0.060s	coverage: 88.9% of statements
ok  	github.com/number571/go-peer/internal/mobile	0.037s	coverage: 0.0% of statements
ok  	github.com/number571/go-peer/internal/pprof	0.109s	coverage: 0.0% of statements
ok  	github.com/number571/go-peer/internal/settings	0.064s	coverage: 0.0% of statements
ok  	github.com/number571/go-peer/pkg/client	0.805s	coverage: 72.9% of statements
ok  	github.com/number571/go-peer/pkg/client/message	0.091s	coverage: 77.6% of statements
ok  	github.com/number571/go-peer/pkg/client/queue	6.461s	coverage: 87.7% of statements
ok  	github.com/number571/go-peer/pkg/crypto	0.047s	coverage: [no statements]
ok  	github.com/number571/go-peer/pkg/crypto/asymmetric	0.423s	coverage: 84.9% of statements
ok  	github.com/number571/go-peer/pkg/crypto/entropy	0.124s	coverage: 100.0% of statements
ok  	github.com/number571/go-peer/pkg/crypto/hashing	0.032s	coverage: 85.7% of statements
ok  	github.com/number571/go-peer/pkg/crypto/puzzle	0.051s	coverage: 94.7% of statements
ok  	github.com/number571/go-peer/pkg/crypto/random	0.040s	coverage: 81.8% of statements
ok  	github.com/number571/go-peer/pkg/crypto/symmetric	0.037s	coverage: 72.0% of statements
ok  	github.com/number571/go-peer/pkg/encoding	0.037s	coverage: 78.3% of statements
ok  	github.com/number571/go-peer/pkg/errors	0.042s	coverage: 100.0% of statements
ok  	github.com/number571/go-peer/pkg/filesystem	0.034s	coverage: 90.0% of statements
ok  	github.com/number571/go-peer/pkg/logger	0.030s	coverage: 84.6% of statements
ok  	github.com/number571/go-peer/pkg/network	0.991s	coverage: 87.6% of statements
ok  	github.com/number571/go-peer/pkg/network/anonymity	16.875s	coverage: 75.6% of statements
ok  	github.com/number571/go-peer/pkg/network/anonymity/adapters	0.029s	coverage: 0.0% of statements
ok  	github.com/number571/go-peer/pkg/network/anonymity/logbuilder	0.030s	coverage: 85.7% of statements
ok  	github.com/number571/go-peer/pkg/network/conn	0.038s	coverage: 77.8% of statements
ok  	github.com/number571/go-peer/pkg/network/conn_keeper	1.041s	coverage: 92.3% of statements
ok  	github.com/number571/go-peer/pkg/network/message	0.039s	coverage: 81.2% of statements
ok  	github.com/number571/go-peer/pkg/payload	0.052s	coverage: 90.0% of statements
ok  	github.com/number571/go-peer/pkg/storage	0.119s	coverage: 81.7% of statements
ok  	github.com/number571/go-peer/pkg/storage/database	0.080s	coverage: 85.4% of statements
ok  	github.com/number571/go-peer/pkg/stringtools	0.035s	coverage: 0.0% of statements
ok  	github.com/number571/go-peer/pkg/types	0.034s	coverage: 100.0% of statements
ok  	github.com/number571/go-peer/pkg/wrapper	0.031s	coverage: 100.0% of statements
